./kls_hasher v0.0.1
KLS API LVL:    {31400}
./kls_hasher reference date: {}
[DEBUG] File:    {-bad}
